node.exe : ΓÜá Warning: Next.js inferred your 
workspace root, but it may not be correct.
At C:\Program Files\nodejs\npx.ps1:29 char:3
+   & $NODE_EXE $NPX_CLI_JS $args
+   ~~~~~~~~~~~~~~~~~~~~~~~~~~~~~
    + CategoryInfo          : NotSpecified: (ΓÜá 
    Warning: Ne...not be correct.:String) [], R  
  emoteException
    + FullyQualifiedErrorId : NativeCommandError
 
 We detected multiple lockfiles and selected the 
directory of C:\Users\HP\package-lock.json as 
the root directory.
 To silence this warning, set `turbopack.root` 
in your Next.js config, or consider removing one 
of the lockfiles if it's not needed.
   See https://nextjs.org/docs/app/api-reference/
config/next-config-js/turbopack#root-directory 
for more information.
 Detected additional lockfiles: 
   * C:\Users\HP\ripple\package-lock.json

Γû▓ Next.js 16.1.6 (Turbopack)
- Environments: .env

  Creating an optimized production build ...
Γ£ô Compiled successfully in 11.9s
  Running TypeScript ...
  Collecting page data using 11 workers ...
  Generating static pages using 11 workers (0/6) ...
  Generating static pages using 11 workers (1/6) 
  Generating static pages using 11 workers (2/6) 
  Generating static pages using 11 workers (4/6) 
Γ£ô Generating static pages using 11 workers (6/6) in 760.1ms
  Finalizing page optimization ...

Route (app)
Γöî ╞Æ /
Γö£ Γùï /_not-found
Γö£ ╞Æ /api/audio/[generationId]
Γö£ ╞Æ /api/trpc/[...trpc]
Γö£ Γùï /org-selection
Γö£ ╞Æ /sign-in/[[...sign-in]]
Γö£ ╞Æ /sign-up/[[...sign-up]]
Γö£ ╞Æ /text-to-speech
Γöö ╞Æ /text-to-speech/[generationId]


╞Æ Proxy (Middleware)

Γùï  (Static)   prerendered as static content
╞Æ  (Dynamic)  server-rendered on demand

